// Jest Snapshot v1, https://goo.gl/fbAQLP

exports[`Pruebas en <GifItem.jsx/> Debe hacer Match con el snapshot 1`] = `
<div>
  <div
    class="card"
  >
    <img
      alt="Saitama"
      src="https://one-ponch.com/saitama.jpg"
    />
    <p>
      Saitama
    </p>
  </div>
</div>
`;
